[INFO] Scanning for projects...
[INFO] 
[INFO] --------------------< com.hotel:quan_ly_khach_san >---------------------
[INFO] Building Quan ly khach san 1.0.0
[INFO]   from pom.xml
[INFO] --------------------------------[ jar ]---------------------------------
[INFO] 
[INFO] --- clean:3.3.2:clean (default-clean) @ quan_ly_khach_san ---
[INFO] Deleting D:\webProject\GOAT_HOTEL\backend\target
[INFO] 
[INFO] --- resources:3.3.1:resources (default-resources) @ quan_ly_khach_san ---
[INFO] Copying 2 resources from src\main\resources to target\classes
[INFO] Copying 0 resource from src\main\resources to target\classes
[INFO] 
[INFO] --- compiler:3.11.0:compile (default-compile) @ quan_ly_khach_san ---
[INFO] Changes detected - recompiling the module! :source
[INFO] Compiling 57 source files with javac [debug release 17] to target\classes
[INFO] ------------------------------------------------------------------------
[INFO] BUILD SUCCESS
[INFO] ------------------------------------------------------------------------
[INFO] Total time:  5.435 s
[INFO] Finished at: 2026-03-24T15:46:27+07:00
[INFO] ------------------------------------------------------------------------
