[INFO] Scanning for projects...
[INFO] 
[INFO] --------------------< com.hotel:quan_ly_khach_san >---------------------
[INFO] Building Quan ly khach san 1.0.0
[INFO]   from pom.xml
[INFO] --------------------------------[ jar ]---------------------------------
[INFO] 
[INFO] --- resources:3.3.1:resources (default-resources) @ quan_ly_khach_san ---
[INFO] Copying 2 resources from src\main\resources to target\classes
[INFO] Copying 22 resources from src\main\resources to target\classes
[INFO] 
[INFO] --- compiler:3.11.0:compile (default-compile) @ quan_ly_khach_san ---
[INFO] Nothing to compile - all classes are up to date
[INFO] 
[INFO] --- resources:3.3.1:testResources (default-testResources) @ quan_ly_khach_san ---
[INFO] skip non existing resourceDirectory e:\GOAT_HOTEL\backend\src\test\resources
[INFO] 
[INFO] --- compiler:3.11.0:testCompile (default-testCompile) @ quan_ly_khach_san ---
[INFO] Nothing to compile - all classes are up to date
[INFO] 
[INFO] --- surefire:3.1.2:test (default-test) @ quan_ly_khach_san ---
[INFO] Using auto detected provider org.apache.maven.surefire.junitplatform.JUnitPlatformProvider
[INFO] 
[INFO] -------------------------------------------------------
[INFO]  T E S T S
[INFO] -------------------------------------------------------
[INFO] Running com.hotel.service.AuthServiceTest
OpenJDK 64-Bit Server VM warning: Sharing is only supported for boot loader classes because bootstrap classpath has been appended
[ERROR] Tests run: 16, Failures: 1, Errors: 1, Skipped: 0, Time elapsed: 1.014 s <<< FAILURE! -- in com.hotel.service.AuthServiceTest
[ERROR] com.hotel.service.AuthServiceTest.loginAuthenticatesWithBcryptPassword -- Time elapsed: 0.031 s <<< FAILURE!
java.lang.AssertionError: 

Expecting actual not to be null
	at com.hotel.service.AuthServiceTest.loginAuthenticatesWithBcryptPassword(AuthServiceTest.java:132)
	at java.base/java.lang.reflect.Method.invoke(Method.java:569)
	at java.base/java.util.ArrayList.forEach(ArrayList.java:1511)
	at java.base/java.util.ArrayList.forEach(ArrayList.java:1511)

[ERROR] com.hotel.service.AuthServiceTest.loginReturnsNullForWrongPassword -- Time elapsed: 0.009 s <<< ERROR!
org.mockito.exceptions.misusing.UnnecessaryStubbingException: 

Unnecessary stubbings detected.
Clean & maintainable test code requires zero unnecessary code.
Following stubbings are unnecessary (click to navigate to relevant line of code):
  1. -> at com.hotel.service.AuthServiceTest.loginReturnsNullForWrongPassword(AuthServiceTest.java:144)
Please remove unnecessary stubbings or use 'lenient' strictness. More info: javadoc for UnnecessaryStubbingException class.
	at org.mockito.junit.jupiter.MockitoExtension.afterEach(MockitoExtension.java:192)
	at java.base/java.util.ArrayList.forEach(ArrayList.java:1511)
	at java.base/java.util.ArrayList.forEach(ArrayList.java:1511)

[INFO] Running com.hotel.service.BookingPricingCalculatorTest
[INFO] Tests run: 13, Failures: 0, Errors: 0, Skipped: 0, Time elapsed: 0.085 s -- in com.hotel.service.BookingPricingCalculatorTest
[INFO] Running com.hotel.service.BookingServiceTest
[INFO] Tests run: 10, Failures: 0, Errors: 0, Skipped: 0, Time elapsed: 0.363 s -- in com.hotel.service.BookingServiceTest
[INFO] 
[INFO] Results:
[INFO] 
[ERROR] Failures: 
[ERROR]   AuthServiceTest.loginAuthenticatesWithBcryptPassword:132 
Expecting actual not to be null
[ERROR] Errors: 
[ERROR]   AuthServiceTest.loginReturnsNullForWrongPassword ╗ UnnecessaryStubbing 
Unnecessary stubbings detected.
Clean & maintainable test code requires zero unnecessary code.
Following stubbings are unnecessary (click to navigate to relevant line of code):
  1. -> at com.hotel.service.AuthServiceTest.loginReturnsNullForWrongPassword(AuthServiceTest.java:144)
Please remove unnecessary stubbings or use 'lenient' strictness. More info: javadoc for UnnecessaryStubbingException class.
[INFO] 
[ERROR] Tests run: 39, Failures: 1, Errors: 1, Skipped: 0
[INFO] 
[INFO] ------------------------------------------------------------------------
[INFO] BUILD FAILURE
[INFO] ------------------------------------------------------------------------
[INFO] Total time:  3.193 s
[INFO] Finished at: 2026-04-07T11:58:51+07:00
[INFO] ------------------------------------------------------------------------
[ERROR] Failed to execute goal org.apache.maven.plugins:maven-surefire-plugin:3.1.2:test (default-test) on project quan_ly_khach_san: There are test failures.
[ERROR] 
[ERROR] Please refer to e:\GOAT_HOTEL\backend\target\surefire-reports for the individual test results.
[ERROR] Please refer to dump files (if any exist) [date].dump, [date]-jvmRun[N].dump and [date].dumpstream.
[ERROR] -> [Help 1]
[ERROR] 
[ERROR] To see the full stack trace of the errors, re-run Maven with the -e switch.
[ERROR] Re-run Maven using the -X switch to enable full debug logging.
[ERROR] 
[ERROR] For more information about the errors and possible solutions, please read the following articles:
[ERROR] [Help 1] http://cwiki.apache.org/confluence/display/MAVEN/MojoFailureException
